[INFO] Scanning for projects...
[INFO] 
[INFO] --------------< com.example:compliance-calendar-tracker >---------------
[INFO] Building compliance-calendar-tracker 0.0.1-SNAPSHOT
[INFO]   from pom.xml
[INFO] --------------------------------[ jar ]---------------------------------
[INFO] 
[INFO] >>> spring-boot:3.2.5:run (default-cli) > test-compile @ compliance-calendar-tracker >>>
[INFO] 
[INFO] --- jacoco:0.8.11:prepare-agent (prepare-agent) @ compliance-calendar-tracker ---
[INFO] argLine set to -javaagent:C:\\Users\\bhagy\\.m2\\repository\\org\\jacoco\\org.jacoco.agent\\0.8.11\\org.jacoco.agent-0.8.11-runtime.jar=destfile=C:\\Users\\bhagy\\OneDrive\\Desktop\\compliance-calendar-tracker\\target\\jacoco.exec
[INFO] 
[INFO] --- resources:3.3.1:resources (default-resources) @ compliance-calendar-tracker ---
[INFO] Copying 2 resources from src\main\resources to target\classes
[INFO] Copying 8 resources from src\main\resources to target\classes
[INFO] 
[INFO] --- compiler:3.11.0:compile (default-compile) @ compliance-calendar-tracker ---
[INFO] Nothing to compile - all classes are up to date
[INFO] 
[INFO] --- resources:3.3.1:testResources (default-testResources) @ compliance-calendar-tracker ---
[INFO] Copying 2 resources from src\test\resources to target\test-classes
[INFO] 
[INFO] --- compiler:3.11.0:testCompile (default-testCompile) @ compliance-calendar-tracker ---
[INFO] Nothing to compile - all classes are up to date
[INFO] 
[INFO] <<< spring-boot:3.2.5:run (default-cli) < test-compile @ compliance-calendar-tracker <<<
[INFO] 
[INFO] 
[INFO] --- spring-boot:3.2.5:run (default-cli) @ compliance-calendar-tracker ---
[INFO] Attaching agents: []

  .   ____          _            __ _ _
 /\\ / ___'_ __ _ _(_)_ __  __ _ \ \ \ \
( ( )\___ | '_ | '_| | '_ \/ _` | \ \ \ \
 \\/  ___)| |_)| | | | | || (_| |  ) ) ) )
  '  |____| .__|_| |_|_| |_\__, | / / / /
 =========|_|==============|___/=/_/_/_/
 :: Spring Boot ::                (v3.2.5)

2026-05-10T18:47:21.236+05:30  INFO 1492 --- [compliance-calendar-tracker] [           main] c.e.tool.ComplianceTrackerApplication    : Starting ComplianceTrackerApplication using Java 17.0.19 with PID 1492 (C:\Users\bhagy\OneDrive\Desktop\compliance-calendar-tracker\target\classes started by Shree Reddy in C:\Users\bhagy\OneDrive\Desktop\compliance-calendar-tracker)
2026-05-10T18:47:21.248+05:30  INFO 1492 --- [compliance-calendar-tracker] [           main] c.e.tool.ComplianceTrackerApplication    : No active profile set, falling back to 1 default profile: "default"
2026-05-10T18:47:23.016+05:30  INFO 1492 --- [compliance-calendar-tracker] [           main] .s.d.r.c.RepositoryConfigurationDelegate : Multiple Spring Data modules found, entering strict repository configuration mode
2026-05-10T18:47:23.025+05:30  INFO 1492 --- [compliance-calendar-tracker] [           main] .s.d.r.c.RepositoryConfigurationDelegate : Bootstrapping Spring Data JPA repositories in DEFAULT mode.
2026-05-10T18:47:23.319+05:30  INFO 1492 --- [compliance-calendar-tracker] [           main] .s.d.r.c.RepositoryConfigurationDelegate : Finished Spring Data repository scanning in 281 ms. Found 4 JPA repository interfaces.
2026-05-10T18:47:23.351+05:30  INFO 1492 --- [compliance-calendar-tracker] [           main] .s.d.r.c.RepositoryConfigurationDelegate : Multiple Spring Data modules found, entering strict repository configuration mode
2026-05-10T18:47:23.359+05:30  INFO 1492 --- [compliance-calendar-tracker] [           main] .s.d.r.c.RepositoryConfigurationDelegate : Bootstrapping Spring Data Redis repositories in DEFAULT mode.
2026-05-10T18:47:23.389+05:30  INFO 1492 --- [compliance-calendar-tracker] [           main] .RepositoryConfigurationExtensionSupport : Spring Data Redis - Could not safely identify store assignment for repository candidate interface com.example.tool.repository.AuditLogRepository; If you want this repository to be a Redis repository, consider annotating your entities with one of these annotations: org.springframework.data.redis.core.RedisHash (preferred), or consider extending one of the following types with your repository: org.springframework.data.keyvalue.repository.KeyValueRepository
2026-05-10T18:47:23.393+05:30  INFO 1492 --- [compliance-calendar-tracker] [           main] .RepositoryConfigurationExtensionSupport : Spring Data Redis - Could not safely identify store assignment for repository candidate interface com.example.tool.repository.ComplianceRepository; If you want this repository to be a Redis repository, consider annotating your entities with one of these annotations: org.springframework.data.redis.core.RedisHash (preferred), or consider extending one of the following types with your repository: org.springframework.data.keyvalue.repository.KeyValueRepository
2026-05-10T18:47:23.394+05:30  INFO 1492 --- [compliance-calendar-tracker] [           main] .RepositoryConfigurationExtensionSupport : Spring Data Redis - Could not safely identify store assignment for repository candidate interface com.example.tool.repository.FileMetadataRepository; If you want this repository to be a Redis repository, consider annotating your entities with one of these annotations: org.springframework.data.redis.core.RedisHash (preferred), or consider extending one of the following types with your repository: org.springframework.data.keyvalue.repository.KeyValueRepository
2026-05-10T18:47:23.394+05:30  INFO 1492 --- [compliance-calendar-tracker] [           main] .RepositoryConfigurationExtensionSupport : Spring Data Redis - Could not safely identify store assignment for repository candidate interface com.example.tool.repository.UserRepository; If you want this repository to be a Redis repository, consider annotating your entities with one of these annotations: org.springframework.data.redis.core.RedisHash (preferred), or consider extending one of the following types with your repository: org.springframework.data.keyvalue.repository.KeyValueRepository
2026-05-10T18:47:23.394+05:30  INFO 1492 --- [compliance-calendar-tracker] [           main] .s.d.r.c.RepositoryConfigurationDelegate : Finished Spring Data repository scanning in 22 ms. Found 0 Redis repository interfaces.
2026-05-10T18:47:24.566+05:30  INFO 1492 --- [compliance-calendar-tracker] [           main] o.s.b.w.embedded.tomcat.TomcatWebServer  : Tomcat initialized with port 8080 (http)
2026-05-10T18:47:24.591+05:30  INFO 1492 --- [compliance-calendar-tracker] [           main] o.apache.catalina.core.StandardService   : Starting service [Tomcat]
2026-05-10T18:47:24.591+05:30  INFO 1492 --- [compliance-calendar-tracker] [           main] o.apache.catalina.core.StandardEngine    : Starting Servlet engine: [Apache Tomcat/10.1.20]
2026-05-10T18:47:24.738+05:30  INFO 1492 --- [compliance-calendar-tracker] [           main] o.a.c.c.C.[Tomcat].[localhost].[/]       : Initializing Spring embedded WebApplicationContext
2026-05-10T18:47:24.749+05:30  INFO 1492 --- [compliance-calendar-tracker] [           main] w.s.c.ServletWebServerApplicationContext : Root WebApplicationContext: initialization completed in 3428 ms
2026-05-10T18:47:25.046+05:30  INFO 1492 --- [compliance-calendar-tracker] [           main] o.hibernate.jpa.internal.util.LogHelper  : HHH000204: Processing PersistenceUnitInfo [name: default]
2026-05-10T18:47:25.156+05:30  INFO 1492 --- [compliance-calendar-tracker] [           main] org.hibernate.Version                    : HHH000412: Hibernate ORM core version 6.4.4.Final
2026-05-10T18:47:25.265+05:30  INFO 1492 --- [compliance-calendar-tracker] [           main] o.h.c.internal.RegionFactoryInitiator    : HHH000026: Second-level cache disabled
2026-05-10T18:47:25.632+05:30  INFO 1492 --- [compliance-calendar-tracker] [           main] o.s.o.j.p.SpringPersistenceUnitInfo      : No LoadTimeWeaver setup: ignoring JPA class transformer
2026-05-10T18:47:25.692+05:30  INFO 1492 --- [compliance-calendar-tracker] [           main] com.zaxxer.hikari.HikariDataSource       : HikariPool-1 - Starting...
2026-05-10T18:47:26.024+05:30  INFO 1492 --- [compliance-calendar-tracker] [           main] com.zaxxer.hikari.pool.HikariPool        : HikariPool-1 - Added connection conn0: url=jdbc:h2:mem:compliance_db user=SA
2026-05-10T18:47:26.034+05:30  INFO 1492 --- [compliance-calendar-tracker] [           main] com.zaxxer.hikari.HikariDataSource       : HikariPool-1 - Start completed.
2026-05-10T18:47:26.076+05:30  WARN 1492 --- [compliance-calendar-tracker] [           main] org.hibernate.orm.deprecation            : HHH90000025: H2Dialect does not need to be specified explicitly using 'hibernate.dialect' (remove the property setting and it will be selected by default)
2026-05-10T18:47:27.815+05:30  INFO 1492 --- [compliance-calendar-tracker] [           main] o.h.e.t.j.p.i.JtaPlatformInitiator       : HHH000489: No JTA platform available (set 'hibernate.transaction.jta.platform' to enable JTA platform integration)
2026-05-10T18:47:27.918+05:30  INFO 1492 --- [compliance-calendar-tracker] [           main] j.LocalContainerEntityManagerFactoryBean : Initialized JPA EntityManagerFactory for persistence unit 'default'
2026-05-10T18:47:28.737+05:30  INFO 1492 --- [compliance-calendar-tracker] [           main] o.s.d.j.r.query.QueryEnhancerFactory     : Hibernate is in classpath; If applicable, HQL parser will be used.
2026-05-10T18:47:29.780+05:30  INFO 1492 --- [compliance-calendar-tracker] [           main] com.example.tool.service.FileService     : File upload directory: C:\Users\bhagy\OneDrive\Desktop\compliance-calendar-tracker\uploads
2026-05-10T18:47:30.022+05:30  WARN 1492 --- [compliance-calendar-tracker] [           main] JpaBaseConfiguration$JpaWebConfiguration : spring.jpa.open-in-view is enabled by default. Therefore, database queries may be performed during view rendering. Explicitly configure spring.jpa.open-in-view to disable this warning
2026-05-10T18:47:31.916+05:30  INFO 1492 --- [compliance-calendar-tracker] [           main] o.s.b.w.embedded.tomcat.TomcatWebServer  : Tomcat started on port 8080 (http) with context path ''
2026-05-10T18:47:31.941+05:30  INFO 1492 --- [compliance-calendar-tracker] [           main] c.e.tool.ComplianceTrackerApplication    : Started ComplianceTrackerApplication in 11.401 seconds (process running for 12.105)
2026-05-10T18:47:32.134+05:30  INFO 1492 --- [compliance-calendar-tracker] [           main] com.example.tool.seeder.DataSeeder       : Seeding demo users...
2026-05-10T18:47:32.247+05:30  INFO 1492 --- [compliance-calendar-tracker] [nio-8080-exec-1] o.a.c.c.C.[Tomcat].[localhost].[/]       : Initializing Spring DispatcherServlet 'dispatcherServlet'
2026-05-10T18:47:32.249+05:30  INFO 1492 --- [compliance-calendar-tracker] [nio-8080-exec-1] o.s.web.servlet.DispatcherServlet        : Initializing Servlet 'dispatcherServlet'
2026-05-10T18:47:32.251+05:30  INFO 1492 --- [compliance-calendar-tracker] [nio-8080-exec-1] o.s.web.servlet.DispatcherServlet        : Completed initialization in 1 ms
2026-05-10T18:47:32.600+05:30  INFO 1492 --- [compliance-calendar-tracker] [           main] com.example.tool.seeder.DataSeeder       : Inserted 3 demo users (admin, manager, viewer) successfully.
2026-05-10T18:47:32.609+05:30  INFO 1492 --- [compliance-calendar-tracker] [           main] com.example.tool.seeder.DataSeeder       : Seeding compliance records...
2026-05-10T18:47:32.703+05:30  INFO 1492 --- [compliance-calendar-tracker] [           main] com.example.tool.seeder.DataSeeder       : Inserted 30 compliance records successfully.
2026-05-10T18:47:32.807+05:30  INFO 1492 --- [compliance-calendar-tracker] [nio-8080-exec-1] com.example.tool.service.AuthService     : User logged in: admin
2026-05-10T18:47:33.175+05:30  INFO 1492 --- [compliance-calendar-tracker] [nio-8080-exec-2] c.e.tool.service.ComplianceService       : Cache MISS — fetching complianceRecords from DB for page: 0
2026-05-10T19:13:33.529+05:30  WARN 1492 --- [compliance-calendar-tracker] [l-1 housekeeper] com.zaxxer.hikari.pool.HikariPool        : HikariPool-1 - Thread starvation or clock leap detected (housekeeper delta=23m7s344ms83µs).
2026-05-10T19:49:57.806+05:30  WARN 1492 --- [compliance-calendar-tracker] [l-1 housekeeper] com.zaxxer.hikari.pool.HikariPool        : HikariPool-1 - Thread starvation or clock leap detected (housekeeper delta=32m54s204ms544µs500ns).
2026-05-10T22:05:35.654+05:30  WARN 1492 --- [compliance-calendar-tracker] [l-1 housekeeper] com.zaxxer.hikari.pool.HikariPool        : HikariPool-1 - Thread starvation or clock leap detected (housekeeper delta=2h15m37s847ms353µs200ns).
2026-05-10T22:33:01.399+05:30  INFO 1492 --- [compliance-calendar-tracker] [nio-8080-exec-8] o.springdoc.api.AbstractOpenApiResource  : Init duration for springdoc-openapi is: 1656 ms
